// Jest Snapshot v1, https://goo.gl/fbAQLP

exports[`basic base. 1`] = `"<div style=\\"color:#000\\" class=\\"normal\\">click to active</div>"`;
